// Jest Snapshot v1, https://goo.gl/fbAQLP

exports[`IndexPage page renders correctly 1`] = `
<div>
  <nav
    className="Navbar"
  >
    <div
      className="Navbar__container"
    >
      <a
        className="Link"
        href="/"
      >
        <icon-mock
          className="Navbar__logo"
        />
      </a>
      <div
        className="Navbar__links"
      >
        <a
          className="Navbar__link Navbar__link--highlighted Link Link--highlighted"
          href="https://www.jsgenesis.com/#openings"
          label="We are hiring!"
        >
          We are hiring!
        </a>
        <a
          className="Navbar__link Link"
          href="https://blog.joystream.org/"
          label="Blog"
        >
          Blog
        </a>
        <a
          className="Navbar__link Link"
          href="https://blog.joystream.org/manifesto/"
          label="Manifesto"
        >
          Manifesto
        </a>
        <a
          className="Navbar__link Link"
          href="https://github.com/Joystream/whitepaper/blob/master/paper.pdf"
          label="Whitepaper"
        >
          Whitepaper
        </a>
        <a
          className="Navbar__link Link"
          href="/roles"
          label="Roles"
        >
          Roles
        </a>
        <a
          className="Navbar__link Link"
          href="https://github.com/Joystream/joystream"
          label="Repository"
        >
          Repository
        </a>
      </div>
      <div
        className="Navbar__trigger"
        onClick={[Function]}
        role="presentation"
      />
    </div>
  </nav>
  <section
    className="Hero Hero--indented"
  >
    <div
      className="Hero__container"
    >
      <div
        className="Hero__content"
      >
        <h1
          className="Hero__title"
        >
          Acropolis Network
        </h1>
        <div
          className="Hero__description"
        >
          <p
            className="HeroStory__paragraph"
          >
            Explore available roles and pick the one that suits you the most. Influence platforms development earning Monero in the process.
          </p>
          <div
            className="Card"
          >
            <p
              className="Card__header"
            >
              <icon-mock
                className="Card__icon"
              />
              Network live
            </p>
            <div
              className="Card__content"
            >
              <div
                className="DateCounter DateCounter--light DateCounter--large"
              >
                <p
                  className="DateCounter__title"
                >
                  Time to launch
                </p>
                <div
                  className="DateCounter__container"
                >
                  <div
                    className="DateCounter__segment"
                  >
                    <span
                      className="DateCounter__value"
                    >
                      02
                    </span>
                    <span
                      className="DateCounter__label"
                    >
                      hours
                    </span>
                  </div>
                  <span
                    className="DateCounter__value, DateCounter__separator"
                  >
                    :
                  </span>
                  <div
                    className="DateCounter__segment"
                  >
                    <span
                      className="DateCounter__value"
                    >
                      00
                    </span>
                    <span
                      className="DateCounter__label"
                    >
                      minute
                    </span>
                  </div>
                  <span
                    className="DateCounter__value, DateCounter__separator"
                  >
                    :
                  </span>
                  <div
                    className="DateCounter__segment"
                  >
                    <span
                      className="DateCounter__value"
                    >
                      00
                    </span>
                    <span
                      className="DateCounter__label"
                    >
                      second
                    </span>
                  </div>
                </div>
              </div>
            </div>
          </div>
        </div>
      </div>
      <div
        className="Plx  "
        disabled={false}
        style={
          Object {
            "visibility": "hidden",
          }
        }
      >
        <icon-mock
          className="Hero__image"
        />
      </div>
    </div>
  </section>
  <div
    className="Card"
  >
    <p
      className="Card__header"
    >
      <icon-mock
        className="Card__icon"
      />
      Network announced
    </p>
    <div
      className="Card__content"
    >
      <div
        className="DateCounter DateCounter--light DateCounter--large"
      >
        <p
          className="DateCounter__title"
        >
          Launched on
        </p>
        <div
          className="DateCounter__container"
        >
          <div
            className="DateCounter__segment"
          >
            <span
              className="DateCounter__value"
            >
              27
            </span>
            <span
              className="DateCounter__label"
            >
              day
            </span>
          </div>
          <span
            className="DateCounter__value, DateCounter__separator"
          >
            /
          </span>
          <div
            className="DateCounter__segment"
          >
            <span
              className="DateCounter__value"
            >
              06
            </span>
            <span
              className="DateCounter__label"
            >
              month
            </span>
          </div>
          <span
            className="DateCounter__value, DateCounter__separator"
          >
            /
          </span>
          <div
            className="DateCounter__segment"
          >
            <span
              className="DateCounter__value"
            >
              19
            </span>
            <span
              className="DateCounter__label"
            >
              year
            </span>
          </div>
        </div>
      </div>
    </div>
  </div>
  <div
    className="DateCounter"
  >
    <p
      className="DateCounter__title"
    >
      Launched on
    </p>
    <div
      className="DateCounter__container"
    >
      <div
        className="DateCounter__segment"
      >
        <span
          className="DateCounter__value"
        >
          27
        </span>
        <span
          className="DateCounter__label"
        >
          day
        </span>
      </div>
      <span
        className="DateCounter__value, DateCounter__separator"
      >
        /
      </span>
      <div
        className="DateCounter__segment"
      >
        <span
          className="DateCounter__value"
        >
          06
        </span>
        <span
          className="DateCounter__label"
        >
          month
        </span>
      </div>
      <span
        className="DateCounter__value, DateCounter__separator"
      >
        /
      </span>
      <div
        className="DateCounter__segment"
      >
        <span
          className="DateCounter__value"
        >
          19
        </span>
        <span
          className="DateCounter__label"
        >
          year
        </span>
      </div>
    </div>
  </div>
  <section
    className="Analytics"
  >
    <div
      className="Analytics__container"
    >
      <div
        className="AnalyticsItem"
      >
        <icon-mock
          className="AnalyticsItem__image"
        />
        <p
          className="AnalyticsItem__title"
        >
          Participation Payout
        </p>
        <p
          className="AnalyticsItem__value"
        >
          $1576
        </p>
      </div>
      <div
        className="AnalyticsItem"
      >
        <icon-mock
          className="AnalyticsItem__image"
        />
        <p
          className="AnalyticsItem__title"
        >
          Active Validators
        </p>
        <p
          className="AnalyticsItem__value"
        >
          20
        </p>
      </div>
      <div
        className="AnalyticsItem"
      >
        <icon-mock
          className="AnalyticsItem__image"
        />
        <p
          className="AnalyticsItem__title"
        >
          Block Height
        </p>
        <p
          className="AnalyticsItem__value"
        >
          1110117
        </p>
      </div>
      <div
        className="AnalyticsItem"
      >
        <icon-mock
          className="AnalyticsItem__image"
        />
        <p
          className="AnalyticsItem__title"
        >
          Council Election Stage
        </p>
        <p
          className="AnalyticsItem__value"
        >
          Announcing
        </p>
      </div>
      <div
        className="AnalyticsItem"
      >
        <icon-mock
          className="AnalyticsItem__image"
        />
        <p
          className="AnalyticsItem__title"
        >
          Memberships
        </p>
        <p
          className="AnalyticsItem__value"
        >
          164
        </p>
      </div>
      <div
        className="AnalyticsItem"
      >
        <icon-mock
          className="AnalyticsItem__image"
        />
        <p
          className="AnalyticsItem__title"
        >
          Forum Posts
        </p>
        <p
          className="AnalyticsItem__value"
        >
          11
        </p>
      </div>
      <div
        className="AnalyticsItem"
      >
        <icon-mock
          className="AnalyticsItem__image"
        />
        <p
          className="AnalyticsItem__title"
        >
          Platform Content Files
        </p>
        <p
          className="AnalyticsItem__value"
        >
          9
        </p>
      </div>
      <div
        className="AnalyticsItem"
      >
        <icon-mock
          className="AnalyticsItem__image"
        />
        <p
          className="AnalyticsItem__title"
        >
          Active Storage Providers
        </p>
        <p
          className="AnalyticsItem__value"
        >
          10
        </p>
      </div>
    </div>
    <div
      className="Analytics__content"
    >
      <a
        className="Button Button--secondary"
        href="https://blog.joystream.org/athens-incentives/"
        onClick={null}
      >
        Participate and Earn Monero
      </a>
    </div>
  </section>
  <section
    className="TitleWrapper"
  >
    <h2
      className="TitleWrapper__title"
    >
      Test
    </h2>
    
    content
  </section>
</div>
`;
